###############################################################################
#                                                                             #
# IAR ELF Linker V5.50.0.51878/W32 for ARM              02/Nov/2010  18:00:02 #
# Copyright (C) 2007-2010 IAR Systems AB.                                     #
#                                                                             #
#    Output file  =  C:\Program Files\IAR Systems\Embedded Workbench 5.4      #
#                    Evaluation\arm\examples\NXP\LPC11xx\IAR-LPC-1114-EK(BAIT #
#                    E)\simple\gpio\RAM Debug\Exe\GPIO.out.tmp                #
#    Map file     =  C:\Program Files\IAR Systems\Embedded Workbench 5.4      #
#                    Evaluation\arm\examples\NXP\LPC11xx\IAR-LPC-1114-EK(BAIT #
#                    E)\simple\gpio\RAM Debug\List\GPIO.map                   #
#    Command line =  "C:\Program Files\IAR Systems\Embedded Workbench 5.4     #
#                    Evaluation\arm\examples\NXP\LPC11xx\IAR-LPC-1114-EK(BAIT #
#                    E)\simple\gpio\RAM Debug\Obj\clkconfig.o" "C:\Program    #
#                    Files\IAR Systems\Embedded Workbench 5.4                 #
#                    Evaluation\arm\examples\NXP\LPC11xx\IAR-LPC-1114-EK(BAIT #
#                    E)\simple\gpio\RAM Debug\Obj\core_cm0.o" "C:\Program     #
#                    Files\IAR Systems\Embedded Workbench 5.4                 #
#                    Evaluation\arm\examples\NXP\LPC11xx\IAR-LPC-1114-EK(BAIT #
#                    E)\simple\gpio\RAM Debug\Obj\cstartup_M.o" "C:\Program   #
#                    Files\IAR Systems\Embedded Workbench 5.4                 #
#                    Evaluation\arm\examples\NXP\LPC11xx\IAR-LPC-1114-EK(BAIT #
#                    E)\simple\gpio\RAM Debug\Obj\gpio.o" "C:\Program         #
#                    Files\IAR Systems\Embedded Workbench 5.4                 #
#                    Evaluation\arm\examples\NXP\LPC11xx\IAR-LPC-1114-EK(BAIT #
#                    E)\simple\gpio\RAM Debug\Obj\gpiotest.o" "C:\Program     #
#                    Files\IAR Systems\Embedded Workbench 5.4                 #
#                    Evaluation\arm\examples\NXP\LPC11xx\IAR-LPC-1114-EK(BAIT #
#                    E)\simple\gpio\RAM Debug\Obj\system_LPC11xx.o"           #
#                    "C:\Program Files\IAR Systems\Embedded Workbench 5.4     #
#                    Evaluation\arm\examples\NXP\LPC11xx\IAR-LPC-1114-EK(BAIT #
#                    E)\simple\gpio\RAM Debug\Obj\timer16.o" "C:\Program      #
#                    Files\IAR Systems\Embedded Workbench 5.4                 #
#                    Evaluation\arm\examples\NXP\LPC11xx\IAR-LPC-1114-EK(BAIT #
#                    E)\simple\gpio\RAM Debug\Obj\timer32.o" "C:\Program      #
#                    Files\IAR Systems\Embedded Workbench 5.4                 #
#                    Evaluation\arm\examples\NXP\LPC11xx\IAR-LPC-1114-EK(BAIT #
#                    E)\simple\gpio\RAM Debug\Obj\uart.o" -o "C:\Program      #
#                    Files\IAR Systems\Embedded Workbench 5.4                 #
#                    Evaluation\arm\examples\NXP\LPC11xx\IAR-LPC-1114-EK(BAIT #
#                    E)\simple\gpio\RAM Debug\Exe\GPIO.out.tmp" --map         #
#                    "C:\Program Files\IAR Systems\Embedded Workbench 5.4     #
#                    Evaluation\arm\examples\NXP\LPC11xx\IAR-LPC-1114-EK(BAIT #
#                    E)\simple\gpio\RAM Debug\List\GPIO.map" --config         #
#                    "C:\Program Files\IAR Systems\Embedded Workbench 5.4     #
#                    Evaluation\arm\examples\NXP\LPC11xx\IAR-LPC-1114-EK(BAIT #
#                    E)\simple\gpio\..\common\icf\LPC1114_Ram.icf"            #
#                    --semihosting --entry __iar_program_start                #
#                                                                             #
#                                                                             #
###############################################################################

*******************************************************************************
*** PLACEMENT SUMMARY
***

"A1":  place at 0x10000000 { ro section .intvec };
"P1":  place in [from 0x10000124 to 0x10001fff] { ro };
"P2":  place in [from 0x10000124 to 0x10001fff] {
          rw, block CSTACK, block HEAP };

  Section            Kind        Address   Size  Object
  -------            ----        -------   ----  ------
"A1":                                      0xc0
  .intvec            ro code  0x10000000   0xc0  cstartup_M.o [1]
                            - 0x100000c0   0xc0

"P1":                                     0x8bc
  .text              ro code  0x10000124  0x3c0  gpio.o [1]
  .text              ro code  0x100004e4  0x104  system_LPC11xx.o [1]
  .text              ro code  0x100005e8   0xcc  uart.o [1]
  .text              ro code  0x100006b4   0x94  gpiotest.o [1]
  .text              ro code  0x10000748   0x80  timer16.o [1]
  .text              ro code  0x100007c8   0x80  timer32.o [1]
  .text              ro code  0x10000848   0x54  I32DivMod.o [4]
  .text              ro code  0x1000089c   0x2e  copy_init3.o [4]
  .text              ro code  0x100008cc   0x2c  data_init3.o [4]
  .text              ro code  0x100008f8   0x28  iarttio.o [5]
  .text              ro code  0x10000920   0x28  zero_init3.o [4]
  .iar.init_table    const    0x10000948   0x24  - Linker created -
  .text              ro code  0x1000096c   0x16  cmain.o [4]
  .text              ro code  0x10000984   0x14  exit.o [5]
  .text              ro code  0x10000998    0xc  cstartup_M.o [4]
  .text              ro code  0x100009a4    0xa  cexit.o [4]
  .text              ro code  0x100009b0    0x8  XShttio.o [3]
  .text              ro code  0x100009b8    0x6  exit.o [3]
  .text              ro code  0x100009c0    0x2  IntDivZer.o [4]
  .text              ro code  0x100009c2    0x4  low_level_init.o [3]
  .text              ro code  0x100009c6    0x2  cstartup_M.o [1]
  Initializer bytes  ro data  0x100009c8   0x18  <for P2 s0> (used: 0x15)
                            - 0x100009e0  0x8bc

"P2", part 1 of 3:                        0x800
  CSTACK                      0x100009e0  0x800  <Block>
    CSTACK           uninit   0x100009e0  0x800  <Block tail>
                            - 0x100011e0  0x800

"P2", part 2 of 3:                         0x18
  P2 s0                       0x100011e0   0x18  <Init block>
    .data            inited   0x100011e0    0x8  XShttio.o [3]
    .data            inited   0x100011e8    0x4  system_LPC11xx.o [1]
    .data            inited   0x100011ec    0x4  system_LPC11xx.o [1]
    .data            inited   0x100011f0    0x4  system_LPC11xx.o [1]
    .data            inited   0x100011f4    0x1  uart.o [1]
                            - 0x100011f8   0x18

"P2", part 3 of 3:                         0x68
  .bss               zero     0x100011f8   0x40  uart.o [1]
  .bss               zero     0x10001238    0x4  timer16.o [1]
  .bss               zero     0x1000123c    0x4  timer16.o [1]
  .bss               zero     0x10001240    0x4  timer16.o [1]
  .bss               zero     0x10001244    0x4  timer16.o [1]
  .bss               zero     0x10001248    0x4  timer32.o [1]
  .bss               zero     0x1000124c    0x4  timer32.o [1]
  .bss               zero     0x10001250    0x4  timer32.o [1]
  .bss               zero     0x10001254    0x4  timer32.o [1]
  .bss               zero     0x10001258    0x4  uart.o [1]
  .bss               zero     0x1000125c    0x4  uart.o [1]
                            - 0x10001260   0x68


*******************************************************************************
*** INIT TABLE
***

          Address     Size
          -------     ----
Zero (__iar_zero_init3)
    1 destination range, total size 0x68:
          0x100011f8  0x68

Copy (__iar_copy_init3)
    1 source range, total size 0x18 (114% of destination):
          0x100009c8  0x18
    1 destination range, total size 0x15:
          0x100011e0  0x15


*******************************************************************************
*** MODULE SUMMARY
***

    Module            ro code  ro data  rw data
    ------            -------  -------  -------
C:\Program Files\IAR Systems\Embedded Workbench 5.4 Evaluation\arm\examples\NXP\LPC11xx\IAR-LPC-1114-EK(BAITE)\simple\gpio\RAM Debug\Obj: [1]
    cstartup_M.o          194
    gpio.o                960
    gpiotest.o            148
    system_LPC11xx.o      260       12       12
    timer16.o             128                16
    timer32.o             128                16
    uart.o                204        1       73
    -------------------------------------------
    Total:              2 022       13      117

command line: [2]
    -------------------------------------------
    Total:

dl6M_tl_in.a: [3]
    XShttio.o               8        8        8
    exit.o                  6
    low_level_init.o        4
    -------------------------------------------
    Total:                 18        8        8

rt6M_tl.a: [4]
    I32DivMod.o            84
    IntDivZer.o             2
    cexit.o                10
    cmain.o                22
    copy_init3.o           46
    cstartup_M.o           12
    data_init3.o           44
    zero_init3.o           40
    -------------------------------------------
    Total:                260

shb_l.a: [5]
    exit.o                 20
    iarttio.o              40
    -------------------------------------------
    Total:                 60

    Gaps                    8                 3
    Linker created                  39    2 048
-----------------------------------------------
    Grand Total:        2 368       60    2 176


*******************************************************************************
*** ENTRY LIST
***

Entry                    Address   Size  Type      Object
-----                    -------   ----  ----      ------
ADC_IRQHandler        0x100009c7         Code  Wk  cstartup_M.o [1]
BOD_IRQHandler        0x100009c7         Code  Wk  cstartup_M.o [1]
BusFault_Handler      0x100009c7         Code  Wk  cstartup_M.o [1]
CSTACK$$Base          0x100009e0          --   Gb  - Linker created -
CSTACK$$Limit         0x100011e0          --   Gb  - Linker created -
CT16B0_IRQHandler     0x10000749   0x34  Code  Gb  timer16.o [1]
CT16B1_IRQHandler     0x1000077d   0x34  Code  Gb  timer16.o [1]
CT32B0_IRQHandler     0x100007c9   0x34  Code  Gb  timer32.o [1]
CT32B1_IRQHandler     0x100007fd   0x34  Code  Gb  timer32.o [1]
ClockSource           0x100011e8    0x4  Data  Gb  system_LPC11xx.o [1]
DebugMon_Handler      0x100009c7         Code  Wk  cstartup_M.o [1]
GPIOInit              0x10000133   0x28  Code  Gb  gpio.o [1]
GPIOIntEnable         0x10000451   0x54  Code  Gb  gpio.o [1]
GPIOSetDir            0x1000015b  0x124  Code  Gb  gpio.o [1]
GPIOSetInterrupt      0x10000295  0x1b8  Code  Gb  gpio.o [1]
HardFault_Handler     0x100009c7         Code  Wk  cstartup_M.o [1]
I2C0_IRQHandler       0x100009c7         Code  Wk  cstartup_M.o [1]
Main_PLL_Setup        0x100004e5   0x8e  Code  Gb  system_LPC11xx.o [1]
MemManage_Handler     0x100009c7         Code  Wk  cstartup_M.o [1]
NMI_Handler           0x100009c7         Code  Wk  cstartup_M.o [1]
NVIC_EnableIRQ        0x10000125    0xe  Code  Lc  gpio.o [1]
PIO0_IRQHandler       0x100009c7         Code  Wk  cstartup_M.o [1]
PIO1_IRQHandler       0x100009c7         Code  Wk  cstartup_M.o [1]
PIO2_IRQHandler       0x100009c7         Code  Wk  cstartup_M.o [1]
PIO3_IRQHandler       0x100009c7         Code  Wk  cstartup_M.o [1]
PendSV_Handler        0x100009c7         Code  Wk  cstartup_M.o [1]
Region$$Table$$Base   0x10000948          --   Gb  - Linker created -
Region$$Table$$Limit  0x1000096c          --   Gb  - Linker created -
SSP0_IRQHandler       0x100009c7         Code  Wk  cstartup_M.o [1]
SSP1_IRQHandler       0x100009c7         Code  Wk  cstartup_M.o [1]
SVC_Handler           0x100009c7         Code  Wk  cstartup_M.o [1]
SysTick_Handler       0x100009c7         Code  Wk  cstartup_M.o [1]
SystemAHBFrequency    0x100011f0    0x4  Data  Gb  system_LPC11xx.o [1]
SystemFrequency       0x100011ec    0x4  Data  Gb  system_LPC11xx.o [1]
SystemInit            0x10000573   0x38  Code  Gb  system_LPC11xx.o [1]
UART0_IRQHandler      0x100005e9   0xb0  Code  Gb  uart.o [1]
UARTBuffer            0x100011f8   0x40  Data  Gb  uart.o [1]
UARTCount             0x1000125c    0x4  Data  Gb  uart.o [1]
UARTStatus            0x10001258    0x4  Data  Gb  uart.o [1]
UARTTxEmpty           0x100011f4    0x1  Data  Gb  uart.o [1]
UsageFault_Handler    0x100009c7         Code  Wk  cstartup_M.o [1]
WAKE_UP0_IRQHandler   0x100009c7         Code  Wk  cstartup_M.o [1]
WAKE_UP10_IRQHandler  0x100009c7         Code  Wk  cstartup_M.o [1]
WAKE_UP11_IRQHandler  0x100009c7         Code  Wk  cstartup_M.o [1]
WAKE_UP12_IRQHandler  0x100009c7         Code  Wk  cstartup_M.o [1]
WAKE_UP1_IRQHandler   0x100009c7         Code  Wk  cstartup_M.o [1]
WAKE_UP2_IRQHandler   0x100009c7         Code  Wk  cstartup_M.o [1]
WAKE_UP3_IRQHandler   0x100009c7         Code  Wk  cstartup_M.o [1]
WAKE_UP4_IRQHandler   0x100009c7         Code  Wk  cstartup_M.o [1]
WAKE_UP5_IRQHandler   0x100009c7         Code  Wk  cstartup_M.o [1]
WAKE_UP6_IRQHandler   0x100009c7         Code  Wk  cstartup_M.o [1]
WAKE_UP7_IRQHandler   0x100009c7         Code  Wk  cstartup_M.o [1]
WAKE_UP8_IRQHandler   0x100009c7         Code  Wk  cstartup_M.o [1]
WAKE_UP9_IRQHandler   0x100009c7         Code  Wk  cstartup_M.o [1]
WDT_IRQHandler        0x100009c7         Code  Wk  cstartup_M.o [1]
__aeabi_idiv          0x10000849         Code  Gb  I32DivMod.o [4]
__aeabi_idiv0         0x100009c1         Code  Gb  IntDivZer.o [4]
__aeabi_idivmod       0x10000849         Code  Gb  I32DivMod.o [4]
__aeabi_uidiv         0x10000855         Code  Gb  I32DivMod.o [4]
__aeabi_uidivmod      0x10000855         Code  Gb  I32DivMod.o [4]
__cmain               0x1000096d         Code  Gb  cmain.o [4]
__exit                0x10000985   0x14  Code  Gb  exit.o [5]
__iar_close_ttio      0x100008f9   0x26  Code  Gb  iarttio.o [5]
__iar_copy_init3      0x1000089d   0x2e  Code  Gb  copy_init3.o [4]
__iar_data_init3      0x100008cd   0x2c  Code  Gb  data_init3.o [4]
__iar_lookup_ttioh    0x100009b1    0x8  Code  Gb  XShttio.o [3]
__iar_program_start   0x10000999         Code  Gb  cstartup_M.o [4]
__iar_ttio_handles    0x100011e0    0x8  Data  Lc  XShttio.o [3]
__iar_zero_init3      0x10000921   0x28  Code  Gb  zero_init3.o [4]
__low_level_init      0x100009c3    0x4  Code  Gb  low_level_init.o [3]
__vector_table        0x10000000         Data  Gb  cstartup_M.o [1]
__vector_table_0x1c   0x1000001c         Data  Gb  cstartup_M.o [1]
_call_main            0x10000979         Code  Gb  cmain.o [4]
_exit                 0x100009a5         Code  Gb  cexit.o [4]
_main                 0x1000097f         Code  Gb  cmain.o [4]
exit                  0x100009b9    0x6  Code  Gb  exit.o [3]
main                  0x100006b5   0x94  Code  Gb  gpiotest.o [1]
timer16_0_capture     0x10001240    0x4  Data  Gb  timer16.o [1]
timer16_0_counter     0x10001238    0x4  Data  Gb  timer16.o [1]
timer16_1_capture     0x10001244    0x4  Data  Gb  timer16.o [1]
timer16_1_counter     0x1000123c    0x4  Data  Gb  timer16.o [1]
timer32_0_capture     0x10001250    0x4  Data  Gb  timer32.o [1]
timer32_0_counter     0x10001248    0x4  Data  Gb  timer32.o [1]
timer32_1_capture     0x10001254    0x4  Data  Gb  timer32.o [1]
timer32_1_counter     0x1000124c    0x4  Data  Gb  timer32.o [1]


[1] = C:\Program Files\IAR Systems\Embedded Workbench 5.4 Evaluation\arm\examples\NXP\LPC11xx\IAR-LPC-1114-EK(BAITE)\simple\gpio\RAM Debug\Obj
[2] = command line
[3] = dl6M_tl_in.a
[4] = rt6M_tl.a
[5] = shb_l.a

  2 368 bytes of readonly  code memory
     60 bytes of readonly  data memory
  2 176 bytes of readwrite data memory

Errors: none
Warnings: none
