<html>
<body>
<pre>
<h1>µVision Build Log</h1>
<h2>Project:</h2>
C:\Documents and Settings\admin\×ÀÃæ\LPC11xx_SampleSoftware.103\pmu\pmu.uvproj
Project File Date:  12/09/2009

<h2>Output:</h2>
compiling pmutest.c...
pmutest.c - 0 Error(s), 0 Warning(s).
Build target 'PMU_Release'
compiling pmu.c...
compiling core_cm0.c...
compiling system_LPC11xx.c...
assembling startup_LPC11xx.s...
compiling gpio.c...
compiling timer16.c...
linking...
Program Size: Code=3568 RO-data=232 RW-data=68 ZI-data=516  
FromELF: creating hex file...
".\Obj\pmutest.axf" - 0 Error(s), 0 Warning(s).
