###############################################################################
#                                                                             #
# IAR ELF Linker V5.50.0.51878/W32 for ARM              02/Nov/2010  17:53:20 #
# Copyright (C) 2007-2010 IAR Systems AB.                                     #
#                                                                             #
#    Output file  =  C:\Program Files\IAR Systems\Embedded Workbench 5.4      #
#                    Evaluation\arm\examples\NXP\LPC11xx\IAR-LPC-1114-EK(BAIT #
#                    E)\simple\ADC\RAM Debug\Exe\ADC.out.tmp                  #
#    Map file     =  C:\Program Files\IAR Systems\Embedded Workbench 5.4      #
#                    Evaluation\arm\examples\NXP\LPC11xx\IAR-LPC-1114-EK(BAIT #
#                    E)\simple\ADC\RAM Debug\List\ADC.map                     #
#    Command line =  "C:\Program Files\IAR Systems\Embedded Workbench 5.4     #
#                    Evaluation\arm\examples\NXP\LPC11xx\IAR-LPC-1114-EK(BAIT #
#                    E)\simple\ADC\RAM Debug\Obj\adc.o" "C:\Program           #
#                    Files\IAR Systems\Embedded Workbench 5.4                 #
#                    Evaluation\arm\examples\NXP\LPC11xx\IAR-LPC-1114-EK(BAIT #
#                    E)\simple\ADC\RAM Debug\Obj\adctest.o" "C:\Program       #
#                    Files\IAR Systems\Embedded Workbench 5.4                 #
#                    Evaluation\arm\examples\NXP\LPC11xx\IAR-LPC-1114-EK(BAIT #
#                    E)\simple\ADC\RAM Debug\Obj\clkconfig.o" "C:\Program     #
#                    Files\IAR Systems\Embedded Workbench 5.4                 #
#                    Evaluation\arm\examples\NXP\LPC11xx\IAR-LPC-1114-EK(BAIT #
#                    E)\simple\ADC\RAM Debug\Obj\core_cm0.o" "C:\Program      #
#                    Files\IAR Systems\Embedded Workbench 5.4                 #
#                    Evaluation\arm\examples\NXP\LPC11xx\IAR-LPC-1114-EK(BAIT #
#                    E)\simple\ADC\RAM Debug\Obj\cstartup_M.o" "C:\Program    #
#                    Files\IAR Systems\Embedded Workbench 5.4                 #
#                    Evaluation\arm\examples\NXP\LPC11xx\IAR-LPC-1114-EK(BAIT #
#                    E)\simple\ADC\RAM Debug\Obj\gpio.o" "C:\Program          #
#                    Files\IAR Systems\Embedded Workbench 5.4                 #
#                    Evaluation\arm\examples\NXP\LPC11xx\IAR-LPC-1114-EK(BAIT #
#                    E)\simple\ADC\RAM Debug\Obj\system_LPC11xx.o"            #
#                    "C:\Program Files\IAR Systems\Embedded Workbench 5.4     #
#                    Evaluation\arm\examples\NXP\LPC11xx\IAR-LPC-1114-EK(BAIT #
#                    E)\simple\ADC\RAM Debug\Obj\timer16.o" "C:\Program       #
#                    Files\IAR Systems\Embedded Workbench 5.4                 #
#                    Evaluation\arm\examples\NXP\LPC11xx\IAR-LPC-1114-EK(BAIT #
#                    E)\simple\ADC\RAM Debug\Obj\timer32.o" "C:\Program       #
#                    Files\IAR Systems\Embedded Workbench 5.4                 #
#                    Evaluation\arm\examples\NXP\LPC11xx\IAR-LPC-1114-EK(BAIT #
#                    E)\simple\ADC\RAM Debug\Obj\uart.o" -o "C:\Program       #
#                    Files\IAR Systems\Embedded Workbench 5.4                 #
#                    Evaluation\arm\examples\NXP\LPC11xx\IAR-LPC-1114-EK(BAIT #
#                    E)\simple\ADC\RAM Debug\Exe\ADC.out.tmp" --map           #
#                    "C:\Program Files\IAR Systems\Embedded Workbench 5.4     #
#                    Evaluation\arm\examples\NXP\LPC11xx\IAR-LPC-1114-EK(BAIT #
#                    E)\simple\ADC\RAM Debug\List\ADC.map" --config           #
#                    "C:\Program Files\IAR Systems\Embedded Workbench 5.4     #
#                    Evaluation\arm\examples\NXP\LPC11xx\IAR-LPC-1114-EK(BAIT #
#                    E)\simple\ADC\..\common\icf\LPC1114_Ram.icf"             #
#                    --semihosting --entry __iar_program_start                #
#                                                                             #
#                                                                             #
###############################################################################

*******************************************************************************
*** PLACEMENT SUMMARY
***

"A1":  place at 0x10000000 { ro section .intvec };
"P1":  place in [from 0x10000124 to 0x10001fff] { ro };
"P2":  place in [from 0x10000124 to 0x10001fff] {
          rw, block CSTACK, block HEAP };

  Section            Kind        Address   Size  Object
  -------            ----        -------   ----  ------
"A1":                                      0xc0
  .intvec            ro code  0x10000000   0xc0  cstartup_M.o [1]
                            - 0x100000c0   0xc0

"P1":                                     0x918
  .text              ro code  0x10000124  0x270  adc.o [1]
  .text              ro code  0x10000394  0x1e0  uart.o [1]
  .text              ro code  0x10000574  0x12c  adctest.o [1]
  .text              ro code  0x100006a0  0x104  system_LPC11xx.o [1]
  .text              ro code  0x100007a4   0x80  timer16.o [1]
  .text              ro code  0x10000824   0x80  timer32.o [1]
  .text              ro code  0x100008a4   0x54  I32DivMod.o [4]
  .text              ro code  0x100008f8   0x2e  copy_init3.o [4]
  .text              ro code  0x10000928   0x2c  data_init3.o [4]
  .text              ro code  0x10000954   0x28  iarttio.o [5]
  .text              ro code  0x1000097c   0x28  zero_init3.o [4]
  .iar.init_table    const    0x100009a4   0x24  - Linker created -
  .text              ro code  0x100009c8   0x16  cmain.o [4]
  .text              ro code  0x100009e0   0x14  exit.o [5]
  .text              ro code  0x100009f4    0xc  cstartup_M.o [4]
  .text              ro code  0x10000a00    0xa  cexit.o [4]
  .text              ro code  0x10000a0c    0x8  XShttio.o [3]
  .text              ro code  0x10000a14    0x6  exit.o [3]
  .text              ro code  0x10000a1c    0x2  IntDivZer.o [4]
  .text              ro code  0x10000a1e    0x4  low_level_init.o [3]
  .text              ro code  0x10000a22    0x2  cstartup_M.o [1]
  Initializer bytes  ro data  0x10000a24   0x18  <for P2 s0> (used: 0x15)
                            - 0x10000a3c  0x918

"P2", part 1 of 3:                        0x800
  CSTACK                      0x10000a40  0x800  <Block>
    CSTACK           uninit   0x10000a40  0x800  <Block tail>
                            - 0x10001240  0x800

"P2", part 2 of 3:                         0x18
  P2 s0                       0x10001240   0x18  <Init block>
    .data            inited   0x10001240    0x8  XShttio.o [3]
    .data            inited   0x10001248    0x4  system_LPC11xx.o [1]
    .data            inited   0x1000124c    0x4  system_LPC11xx.o [1]
    .data            inited   0x10001250    0x4  system_LPC11xx.o [1]
    .data            inited   0x10001254    0x1  uart.o [1]
                            - 0x10001258   0x18

"P2", part 3 of 3:                         0x8c
  .bss               zero     0x10001258   0x40  uart.o [1]
  .bss               zero     0x10001298   0x20  adc.o [1]
  .bss               zero     0x100012b8    0x4  adc.o [1]
  .bss               zero     0x100012bc    0x4  timer16.o [1]
  .bss               zero     0x100012c0    0x4  timer16.o [1]
  .bss               zero     0x100012c4    0x4  timer16.o [1]
  .bss               zero     0x100012c8    0x4  timer16.o [1]
  .bss               zero     0x100012cc    0x4  timer32.o [1]
  .bss               zero     0x100012d0    0x4  timer32.o [1]
  .bss               zero     0x100012d4    0x4  timer32.o [1]
  .bss               zero     0x100012d8    0x4  timer32.o [1]
  .bss               zero     0x100012dc    0x4  uart.o [1]
  .bss               zero     0x100012e0    0x4  uart.o [1]
                            - 0x100012e4   0x8c


*******************************************************************************
*** INIT TABLE
***

          Address     Size
          -------     ----
Zero (__iar_zero_init3)
    1 destination range, total size 0x8c:
          0x10001258  0x8c

Copy (__iar_copy_init3)
    1 source range, total size 0x18 (114% of destination):
          0x10000a24  0x18
    1 destination range, total size 0x15:
          0x10001240  0x15


*******************************************************************************
*** MODULE SUMMARY
***

    Module            ro code  ro data  rw data
    ------            -------  -------  -------
C:\Program Files\IAR Systems\Embedded Workbench 5.4 Evaluation\arm\examples\NXP\LPC11xx\IAR-LPC-1114-EK(BAITE)\simple\ADC\RAM Debug\Obj: [1]
    adc.o                 624                36
    adctest.o             300
    cstartup_M.o          194
    system_LPC11xx.o      260       12       12
    timer16.o             128                16
    timer32.o             128                16
    uart.o                480        1       73
    -------------------------------------------
    Total:              2 114       13      153

command line: [2]
    -------------------------------------------
    Total:

dl6M_tl_in.a: [3]
    XShttio.o               8        8        8
    exit.o                  6
    low_level_init.o        4
    -------------------------------------------
    Total:                 18        8        8

rt6M_tl.a: [4]
    I32DivMod.o            84
    IntDivZer.o             2
    cexit.o                10
    cmain.o                22
    copy_init3.o           46
    cstartup_M.o           12
    data_init3.o           44
    zero_init3.o           40
    -------------------------------------------
    Total:                260

shb_l.a: [5]
    exit.o                 20
    iarttio.o              40
    -------------------------------------------
    Total:                 60

    Gaps                    8                 3
    Linker created                  39    2 048
-----------------------------------------------
    Grand Total:        2 460       60    2 212


*******************************************************************************
*** ENTRY LIST
***

Entry                    Address   Size  Type      Object
-----                    -------   ----  ----      ------
ADCInit               0x1000026d   0x9c  Code  Gb  adc.o [1]
ADCIntDone            0x100012b8    0x4  Data  Gb  adc.o [1]
ADCRead               0x10000309   0x2e  Code  Gb  adc.o [1]
ADCValue              0x10001298   0x20  Data  Gb  adc.o [1]
ADC_IRQHandler        0x10000133  0x13a  Code  Gb  adc.o [1]
BOD_IRQHandler        0x10000a23         Code  Wk  cstartup_M.o [1]
BusFault_Handler      0x10000a23         Code  Wk  cstartup_M.o [1]
CSTACK$$Base          0x10000a40          --   Gb  - Linker created -
CSTACK$$Limit         0x10001240          --   Gb  - Linker created -
CT16B0_IRQHandler     0x100007a5   0x34  Code  Gb  timer16.o [1]
CT16B1_IRQHandler     0x100007d9   0x34  Code  Gb  timer16.o [1]
CT32B0_IRQHandler     0x10000825   0x34  Code  Gb  timer32.o [1]
CT32B1_IRQHandler     0x10000859   0x34  Code  Gb  timer32.o [1]
ClockSource           0x10001248    0x4  Data  Gb  system_LPC11xx.o [1]
ConvertDigital        0x10000575   0x18  Code  Gb  adctest.o [1]
DebugMon_Handler      0x10000a23         Code  Wk  cstartup_M.o [1]
HardFault_Handler     0x10000a23         Code  Wk  cstartup_M.o [1]
I2C0_IRQHandler       0x10000a23         Code  Wk  cstartup_M.o [1]
Main_PLL_Setup        0x100006a1   0x8e  Code  Gb  system_LPC11xx.o [1]
MemManage_Handler     0x10000a23         Code  Wk  cstartup_M.o [1]
NMI_Handler           0x10000a23         Code  Wk  cstartup_M.o [1]
NVIC_DisableIRQ       0x100003a3    0xe  Code  Lc  uart.o [1]
NVIC_EnableIRQ        0x10000125    0xe  Code  Lc  adc.o [1]
NVIC_EnableIRQ        0x10000395    0xe  Code  Lc  uart.o [1]
PIO0_IRQHandler       0x10000a23         Code  Wk  cstartup_M.o [1]
PIO1_IRQHandler       0x10000a23         Code  Wk  cstartup_M.o [1]
PIO2_IRQHandler       0x10000a23         Code  Wk  cstartup_M.o [1]
PIO3_IRQHandler       0x10000a23         Code  Wk  cstartup_M.o [1]
PendSV_Handler        0x10000a23         Code  Wk  cstartup_M.o [1]
Region$$Table$$Base   0x100009a4          --   Gb  - Linker created -
Region$$Table$$Limit  0x100009c8          --   Gb  - Linker created -
SSP0_IRQHandler       0x10000a23         Code  Wk  cstartup_M.o [1]
SSP1_IRQHandler       0x10000a23         Code  Wk  cstartup_M.o [1]
SVC_Handler           0x10000a23         Code  Wk  cstartup_M.o [1]
SysTick_Handler       0x10000a23         Code  Wk  cstartup_M.o [1]
SystemAHBFrequency    0x10001250    0x4  Data  Gb  system_LPC11xx.o [1]
SystemFrequency       0x1000124c    0x4  Data  Gb  system_LPC11xx.o [1]
SystemInit            0x1000072f   0x38  Code  Gb  system_LPC11xx.o [1]
UART0_IRQHandler      0x100003b1   0xb0  Code  Gb  uart.o [1]
UARTBuffer            0x10001258   0x40  Data  Gb  uart.o [1]
UARTCount             0x100012e0    0x4  Data  Gb  uart.o [1]
UARTInit              0x10000461   0xb8  Code  Gb  uart.o [1]
UARTSend              0x10000519   0x1c  Code  Gb  uart.o [1]
UARTStatus            0x100012dc    0x4  Data  Gb  uart.o [1]
UARTTxEmpty           0x10001254    0x1  Data  Gb  uart.o [1]
UsageFault_Handler    0x10000a23         Code  Wk  cstartup_M.o [1]
WAKE_UP0_IRQHandler   0x10000a23         Code  Wk  cstartup_M.o [1]
WAKE_UP10_IRQHandler  0x10000a23         Code  Wk  cstartup_M.o [1]
WAKE_UP11_IRQHandler  0x10000a23         Code  Wk  cstartup_M.o [1]
WAKE_UP12_IRQHandler  0x10000a23         Code  Wk  cstartup_M.o [1]
WAKE_UP1_IRQHandler   0x10000a23         Code  Wk  cstartup_M.o [1]
WAKE_UP2_IRQHandler   0x10000a23         Code  Wk  cstartup_M.o [1]
WAKE_UP3_IRQHandler   0x10000a23         Code  Wk  cstartup_M.o [1]
WAKE_UP4_IRQHandler   0x10000a23         Code  Wk  cstartup_M.o [1]
WAKE_UP5_IRQHandler   0x10000a23         Code  Wk  cstartup_M.o [1]
WAKE_UP6_IRQHandler   0x10000a23         Code  Wk  cstartup_M.o [1]
WAKE_UP7_IRQHandler   0x10000a23         Code  Wk  cstartup_M.o [1]
WAKE_UP8_IRQHandler   0x10000a23         Code  Wk  cstartup_M.o [1]
WAKE_UP9_IRQHandler   0x10000a23         Code  Wk  cstartup_M.o [1]
WDT_IRQHandler        0x10000a23         Code  Wk  cstartup_M.o [1]
__aeabi_idiv          0x100008a5         Code  Gb  I32DivMod.o [4]
__aeabi_idiv0         0x10000a1d         Code  Gb  IntDivZer.o [4]
__aeabi_idivmod       0x100008a5         Code  Gb  I32DivMod.o [4]
__aeabi_uidiv         0x100008b1         Code  Gb  I32DivMod.o [4]
__aeabi_uidivmod      0x100008b1         Code  Gb  I32DivMod.o [4]
__cmain               0x100009c9         Code  Gb  cmain.o [4]
__exit                0x100009e1   0x14  Code  Gb  exit.o [5]
__iar_close_ttio      0x10000955   0x26  Code  Gb  iarttio.o [5]
__iar_copy_init3      0x100008f9   0x2e  Code  Gb  copy_init3.o [4]
__iar_data_init3      0x10000929   0x2c  Code  Gb  data_init3.o [4]
__iar_lookup_ttioh    0x10000a0d    0x8  Code  Gb  XShttio.o [3]
__iar_program_start   0x100009f5         Code  Gb  cstartup_M.o [4]
__iar_ttio_handles    0x10001240    0x8  Data  Lc  XShttio.o [3]
__iar_zero_init3      0x1000097d   0x28  Code  Gb  zero_init3.o [4]
__low_level_init      0x10000a1f    0x4  Code  Gb  low_level_init.o [3]
__vector_table        0x10000000         Data  Gb  cstartup_M.o [1]
__vector_table_0x1c   0x1000001c         Data  Gb  cstartup_M.o [1]
_call_main            0x100009d5         Code  Gb  cmain.o [4]
_exit                 0x10000a01         Code  Gb  cexit.o [4]
_main                 0x100009db         Code  Gb  cmain.o [4]
exit                  0x10000a15    0x6  Code  Gb  exit.o [3]
main                  0x1000058d  0x102  Code  Gb  adctest.o [1]
timer16_0_capture     0x100012c4    0x4  Data  Gb  timer16.o [1]
timer16_0_counter     0x100012bc    0x4  Data  Gb  timer16.o [1]
timer16_1_capture     0x100012c8    0x4  Data  Gb  timer16.o [1]
timer16_1_counter     0x100012c0    0x4  Data  Gb  timer16.o [1]
timer32_0_capture     0x100012d4    0x4  Data  Gb  timer32.o [1]
timer32_0_counter     0x100012cc    0x4  Data  Gb  timer32.o [1]
timer32_1_capture     0x100012d8    0x4  Data  Gb  timer32.o [1]
timer32_1_counter     0x100012d0    0x4  Data  Gb  timer32.o [1]


[1] = C:\Program Files\IAR Systems\Embedded Workbench 5.4 Evaluation\arm\examples\NXP\LPC11xx\IAR-LPC-1114-EK(BAITE)\simple\ADC\RAM Debug\Obj
[2] = command line
[3] = dl6M_tl_in.a
[4] = rt6M_tl.a
[5] = shb_l.a

  2 460 bytes of readonly  code memory
     60 bytes of readonly  data memory
  2 212 bytes of readwrite data memory

Errors: none
Warnings: none
