ARM Linker, 4.1 [Build 644] [Standard][RL-ARM]

==============================================================================

Section Cross References

    pmu.o(.text) refers to gpio.o(.text) for GPIOSetDir
    pmutest.o(.text) refers to system_lpc11xx.o(.text) for SystemInit
    pmutest.o(.text) refers to pmu.o(.text) for PMU_Init
    pmutest.o(.text) refers to uidiv.o(.text) for __aeabi_uidivmod
    pmutest.o(.text) refers to timer16.o(.text) for init_timer16
    pmutest.o(.text) refers to gpio.o(.text) for GPIOSetDir
    pmutest.o(.text) refers to system_lpc11xx.o(.data) for SystemAHBFrequency
    pmutest.o(.text) refers to timer16.o(.data) for timer16_0_counter
    system_lpc11xx.o(.text) refers to system_lpc11xx.o(.data) for ClockSource
    startup_lpc11xx.o(RESET) refers to startup_lpc11xx.o(STACK) for __initial_sp
    startup_lpc11xx.o(RESET) refers to startup_lpc11xx.o(.text) for Reset_Handler
    startup_lpc11xx.o(RESET) refers to pmu.o(.text) for WAKEUP_IRQHandler
    startup_lpc11xx.o(RESET) refers to timer16.o(.text) for TIMER16_0_IRQHandler
    startup_lpc11xx.o(RESET) refers to gpio.o(.text) for PIOINT3_IRQHandler
    startup_lpc11xx.o(.text) refers to entry.o(.ARM.Collect$$$$00000000) for __main
    gpio.o(.text) refers to gpio.o(.data) for gpio0_counter
    gpio.o(.text) refers to gpio.o(.constdata) for LPC_GPIO
    timer16.o(.text) refers to uidiv.o(.text) for __aeabi_uidivmod
    timer16.o(.text) refers to system_lpc11xx.o(.data) for SystemAHBFrequency
    timer16.o(.text) refers to timer16.o(.data) for timer16_0_counter
    entry.o(.ARM.Collect$$$$00000000) refers (Special) to entry7.o(.ARM.Collect$$$$00000007) for _main_init
    entry.o(.ARM.Collect$$$$00000000) refers (Special) to entry5.o(.ARM.Collect$$$$00000004) for _main_scatterload
    entry.o(.ARM.Collect$$$$00000000) refers (Special) to entry2.o(.ARM.Collect$$$$00000001) for _main_stk
    entry2.o(.ARM.Collect$$$$00000001) refers to entry2.o(.ARM.Collect$$$$00002712) for __lit__00000000
    entry2.o(.ARM.Collect$$$$00002712) refers to startup_lpc11xx.o(STACK) for __initial_sp
    entry2.o(__vectab_stack_and_reset_area) refers to startup_lpc11xx.o(STACK) for __initial_sp
    entry2.o(__vectab_stack_and_reset_area) refers to entry.o(.ARM.Collect$$$$00000000) for __main
    entry5.o(.ARM.Collect$$$$00000004) refers to init.o(.text) for __scatterload
    entry7.o(.ARM.Collect$$$$00000007) refers to pmutest.o(.text) for main
    init.o(.text) refers to entry5.o(.ARM.Collect$$$$00000004) for __main_after_scatterload


==============================================================================

Removing Unused input sections from the image.

    Removing pmu.o(.constdata), (16 bytes).
    Removing pmu.o(.data), (4 bytes).
    Removing pmutest.o(.constdata), (16 bytes).
    Removing startup_lpc11xx.o(HEAP), (0 bytes).

4 unused section(s) (total 36 bytes) removed from the image.

==============================================================================

Image Symbol Table

    Local Symbols

    Symbol Name                              Value     Ov Type        Size  Object(Section)

    RESET                                    0x00000000   Section      192  startup_lpc11xx.o(RESET)
    ../../microlib/division.c                0x00000000   Number         0  uidiv.o ABSOLUTE
    ../../microlib/init/entry.s              0x00000000   Number         0  entry7.o ABSOLUTE
    ../../microlib/init/entry.s              0x00000000   Number         0  entry5.o ABSOLUTE
    ../../microlib/init/entry.s              0x00000000   Number         0  entry2.o ABSOLUTE
    ../../microlib/init/entry.s              0x00000000   Number         0  entry.o ABSOLUTE
    ..\Common\src\core_cm0.c                 0x00000000   Number         0  core_cm0.o ABSOLUTE
    ..\Common\src\gpio.c                     0x00000000   Number         0  gpio.o ABSOLUTE
    ..\Common\src\startup_LPC11xx.s          0x00000000   Number         0  startup_lpc11xx.o ABSOLUTE
    ..\Common\src\system_LPC11xx.c           0x00000000   Number         0  system_lpc11xx.o ABSOLUTE
    ..\Common\src\timer16.c                  0x00000000   Number         0  timer16.o ABSOLUTE
    dc.s                                     0x00000000   Number         0  dc.o ABSOLUTE
    handlers.s                               0x00000000   Number         0  handlers.o ABSOLUTE
    init.s                                   0x00000000   Number         0  init.o ABSOLUTE
    pmu.c                                    0x00000000   Number         0  pmu.o ABSOLUTE
    pmutest.c                                0x00000000   Number         0  pmutest.o ABSOLUTE
    .ARM.Collect$$$$00000000                 0x000000c0   Section        0  entry.o(.ARM.Collect$$$$00000000)
    .ARM.Collect$$$$00000001                 0x000000c0   Section        4  entry2.o(.ARM.Collect$$$$00000001)
    .ARM.Collect$$$$00000004                 0x000000c4   Section        4  entry5.o(.ARM.Collect$$$$00000004)
    .ARM.Collect$$$$00000007                 0x000000c8   Section        8  entry7.o(.ARM.Collect$$$$00000007)
    .ARM.Collect$$$$00002712                 0x000000d0   Section        4  entry2.o(.ARM.Collect$$$$00002712)
    __lit__00000000                          0x000000d0   Data           4  entry2.o(.ARM.Collect$$$$00002712)
    .text                                    0x000000d4   Section        0  pmutest.o(.text)
    .text                                    0x00000178   Section        0  system_lpc11xx.o(.text)
    .text                                    0x00000258   Section       28  startup_lpc11xx.o(.text)
    .text                                    0x00000274   Section        0  uidiv.o(.text)
    .text                                    0x000002a0   Section       36  init.o(.text)
    i.__scatterload_copy                     0x000002c4   Section       14  handlers.o(i.__scatterload_copy)
    i.__scatterload_null                     0x000002d2   Section        2  handlers.o(i.__scatterload_null)
    i.__scatterload_zeroinit                 0x000002d4   Section       14  handlers.o(i.__scatterload_zeroinit)
    .constdata                               0x000002e4   Section       16  gpio.o(.constdata)
    LPC_GPIO                                 0x000002e4   Data          16  gpio.o(.constdata)
    .ARM.__at_0x02FC                         0x000002fc   Section        4  startup_lpc11xx.o(.ARM.__at_0x02FC)
    .text                                    0x00000300   Section        0  pmu.o(.text)
    .text                                    0x000005c0   Section        0  gpio.o(.text)
    NVIC_EnableIRQ                           0x00000a5f   Thumb Code    14  gpio.o(.text)
    .text                                    0x00000a74   Section        0  timer16.o(.text)
    NVIC_EnableIRQ                           0x00000eb5   Thumb Code    14  timer16.o(.text)
    .data                                    0x10000000   Section       12  system_lpc11xx.o(.data)
    .data                                    0x1000000c   Section       32  gpio.o(.data)
    .data                                    0x1000002c   Section       24  timer16.o(.data)
    STACK                                    0x10000048   Section      512  startup_lpc11xx.o(STACK)

    Global Symbols

    Symbol Name                              Value     Ov Type        Size  Object(Section)

    BuildAttributes$$THM_ISAv3M$S$PE$A:L22$X:L11$S22$IEEE1$IW$USESV6$~STKCKD$USESV7$~SHL$OSPACE$EBA8$MICROLIB$REQ8$PRES8$EABIv2 0x00000000   Number         0  anon$$obj.o ABSOLUTE
    __ARM_use_no_argv                        0x00000000   Number         0  pmutest.o ABSOLUTE
    __Vectors                                0x00000000   Data           4  startup_lpc11xx.o(RESET)
    __decompress                              - Undefined Weak Reference
    __main                                   0x000000c1   Thumb Code     0  entry.o(.ARM.Collect$$$$00000000)
    _main_stk                                0x000000c1   Thumb Code     0  entry2.o(.ARM.Collect$$$$00000001)
    _main_scatterload                        0x000000c5   Thumb Code     0  entry5.o(.ARM.Collect$$$$00000004)
    __main_after_scatterload                 0x000000c9   Thumb Code     0  entry5.o(.ARM.Collect$$$$00000004)
    _main_init                               0x000000c9   Thumb Code     0  entry7.o(.ARM.Collect$$$$00000007)
    main                                     0x000000d5   Thumb Code   148  pmutest.o(.text)
    Main_PLL_Setup                           0x00000179   Thumb Code   134  system_lpc11xx.o(.text)
    SystemInit                               0x000001ff   Thumb Code    56  system_lpc11xx.o(.text)
    Reset_Handler                            0x00000259   Thumb Code     4  startup_lpc11xx.o(.text)
    NMI_Handler                              0x0000025d   Thumb Code     2  startup_lpc11xx.o(.text)
    HardFault_Handler                        0x0000025f   Thumb Code     2  startup_lpc11xx.o(.text)
    MemManage_Handler                        0x00000261   Thumb Code     2  startup_lpc11xx.o(.text)
    BusFault_Handler                         0x00000263   Thumb Code     2  startup_lpc11xx.o(.text)
    UsageFault_Handler                       0x00000265   Thumb Code     2  startup_lpc11xx.o(.text)
    SVC_Handler                              0x00000267   Thumb Code     2  startup_lpc11xx.o(.text)
    DebugMon_Handler                         0x00000269   Thumb Code     2  startup_lpc11xx.o(.text)
    PendSV_Handler                           0x0000026b   Thumb Code     2  startup_lpc11xx.o(.text)
    SysTick_Handler                          0x0000026d   Thumb Code     2  startup_lpc11xx.o(.text)
    ADC_IRQHandler                           0x0000026f   Thumb Code     0  startup_lpc11xx.o(.text)
    BOD_IRQHandler                           0x0000026f   Thumb Code     0  startup_lpc11xx.o(.text)
    CAN_IRQHandler                           0x0000026f   Thumb Code     0  startup_lpc11xx.o(.text)
    FMC_IRQHandler                           0x0000026f   Thumb Code     0  startup_lpc11xx.o(.text)
    I2C_IRQHandler                           0x0000026f   Thumb Code     0  startup_lpc11xx.o(.text)
    SSP0_IRQHandler                          0x0000026f   Thumb Code     0  startup_lpc11xx.o(.text)
    SSP1_IRQHandler                          0x0000026f   Thumb Code     0  startup_lpc11xx.o(.text)
    TIMER32_0_IRQHandler                     0x0000026f   Thumb Code     0  startup_lpc11xx.o(.text)
    TIMER32_1_IRQHandler                     0x0000026f   Thumb Code     0  startup_lpc11xx.o(.text)
    UART_IRQHandler                          0x0000026f   Thumb Code     0  startup_lpc11xx.o(.text)
    USB_FIQHandler                           0x0000026f   Thumb Code     0  startup_lpc11xx.o(.text)
    USB_IRQHandler                           0x0000026f   Thumb Code     0  startup_lpc11xx.o(.text)
    WDT_IRQHandler                           0x0000026f   Thumb Code     0  startup_lpc11xx.o(.text)
    __aeabi_uidiv                            0x00000275   Thumb Code     0  uidiv.o(.text)
    __aeabi_uidivmod                         0x00000275   Thumb Code    44  uidiv.o(.text)
    __scatterload                            0x000002a1   Thumb Code    28  init.o(.text)
    __scatterload_rt2                        0x000002a1   Thumb Code     0  init.o(.text)
    __scatterload_copy                       0x000002c5   Thumb Code    14  handlers.o(i.__scatterload_copy)
    __scatterload_null                       0x000002d3   Thumb Code     2  handlers.o(i.__scatterload_null)
    __scatterload_zeroinit                   0x000002d5   Thumb Code    14  handlers.o(i.__scatterload_zeroinit)
    WAKEUP_IRQHandler                        0x00000301   Thumb Code    14  pmu.o(.text)
    PMU_Init                                 0x0000030f   Thumb Code   500  pmu.o(.text)
    PMU_Sleep                                0x00000503   Thumb Code    32  pmu.o(.text)
    PMU_PowerDown                            0x00000523   Thumb Code   106  pmu.o(.text)
    GPIOIntClear                             0x000005c1   Thumb Code    88  gpio.o(.text)
    GPIOIntStatus                            0x00000619   Thumb Code    94  gpio.o(.text)
    PIOINT0_IRQHandler                       0x00000677   Thumb Code    46  gpio.o(.text)
    PIOINT1_IRQHandler                       0x000006a5   Thumb Code    46  gpio.o(.text)
    PIOINT2_IRQHandler                       0x000006d3   Thumb Code    46  gpio.o(.text)
    PIOINT3_IRQHandler                       0x00000701   Thumb Code    46  gpio.o(.text)
    GPIOInit                                 0x0000072f   Thumb Code    40  gpio.o(.text)
    GPIOSetInterrupt                         0x00000757   Thumb Code   446  gpio.o(.text)
    GPIOIntEnable                            0x00000915   Thumb Code    88  gpio.o(.text)
    GPIOIntDisable                           0x0000096d   Thumb Code   142  gpio.o(.text)
    GPIOSetValue                             0x000009fb   Thumb Code    22  gpio.o(.text)
    GPIOSetDir                               0x00000a11   Thumb Code    78  gpio.o(.text)
    delayMs                                  0x00000a75   Thumb Code   118  timer16.o(.text)
    TIMER16_0_IRQHandler                     0x00000aeb   Thumb Code    54  timer16.o(.text)
    TIMER16_1_IRQHandler                     0x00000b21   Thumb Code    54  timer16.o(.text)
    enable_timer16                           0x00000b57   Thumb Code    20  timer16.o(.text)
    disable_timer16                          0x00000b6b   Thumb Code    20  timer16.o(.text)
    reset_timer16                            0x00000b7f   Thumb Code    34  timer16.o(.text)
    init_timer16                             0x00000ba1   Thumb Code   242  timer16.o(.text)
    init_timer16PWM                          0x00000c93   Thumb Code   368  timer16.o(.text)
    setMatch_timer16PWM                      0x00000e03   Thumb Code   178  timer16.o(.text)
    Region$$Table$$Base                      0x00000ec8   Number         0  anon$$obj.o(Region$$Table)
    Region$$Table$$Limit                     0x00000ed8   Number         0  anon$$obj.o(Region$$Table)
    ClockSource                              0x10000000   Data           4  system_lpc11xx.o(.data)
    SystemFrequency                          0x10000004   Data           4  system_lpc11xx.o(.data)
    SystemAHBFrequency                       0x10000008   Data           4  system_lpc11xx.o(.data)
    gpio0_counter                            0x1000000c   Data           4  gpio.o(.data)
    gpio1_counter                            0x10000010   Data           4  gpio.o(.data)
    gpio2_counter                            0x10000014   Data           4  gpio.o(.data)
    gpio3_counter                            0x10000018   Data           4  gpio.o(.data)
    p0_1_counter                             0x1000001c   Data           4  gpio.o(.data)
    p1_1_counter                             0x10000020   Data           4  gpio.o(.data)
    p2_1_counter                             0x10000024   Data           4  gpio.o(.data)
    p3_1_counter                             0x10000028   Data           4  gpio.o(.data)
    timer16_0_counter                        0x1000002c   Data           4  timer16.o(.data)
    timer16_1_counter                        0x10000030   Data           4  timer16.o(.data)
    timer16_0_capture                        0x10000034   Data           4  timer16.o(.data)
    timer16_1_capture                        0x10000038   Data           4  timer16.o(.data)
    timer16_0_period                         0x1000003c   Data           4  timer16.o(.data)
    timer16_1_period                         0x10000040   Data           4  timer16.o(.data)
    __initial_sp                             0x10000248   Data           0  startup_lpc11xx.o(STACK)



==============================================================================

Memory Map of the image

  Image Entry point : 0x000000c1

  Load Region LR_IROM1 (Base: 0x00000000, Size: 0x00000f1c, Max: 0x00008000, ABSOLUTE)

    Execution Region ER_IROM1 (Base: 0x00000000, Size: 0x00000ed8, Max: 0x00008000, ABSOLUTE)

    Base Addr    Size         Type   Attr      Idx    E Section Name        Object

    0x00000000   0x000000c0   Data   RO           88    RESET               startup_lpc11xx.o
    0x000000c0   0x00000000   Code   RO          128  * .ARM.Collect$$$$00000000  mc_p.l(entry.o)
    0x000000c0   0x00000004   Code   RO          133    .ARM.Collect$$$$00000001  mc_p.l(entry2.o)
    0x000000c4   0x00000004   Code   RO          136    .ARM.Collect$$$$00000004  mc_p.l(entry5.o)
    0x000000c8   0x00000008   Code   RO          137    .ARM.Collect$$$$00000007  mc_p.l(entry7.o)
    0x000000d0   0x00000004   Code   RO          134    .ARM.Collect$$$$00002712  mc_p.l(entry2.o)
    0x000000d4   0x000000a4   Code   RO           41    .text               pmutest.o
    0x00000178   0x000000e0   Code   RO           68    .text               system_lpc11xx.o
    0x00000258   0x0000001c   Code   RO           90    .text               startup_lpc11xx.o
    0x00000274   0x0000002c   Code   RO          131    .text               mc_p.l(uidiv.o)
    0x000002a0   0x00000024   Code   RO          138    .text               mc_p.l(init.o)
    0x000002c4   0x0000000e   Code   RO          142    i.__scatterload_copy  mc_p.l(handlers.o)
    0x000002d2   0x00000002   Code   RO          143    i.__scatterload_null  mc_p.l(handlers.o)
    0x000002d4   0x0000000e   Code   RO          144    i.__scatterload_zeroinit  mc_p.l(handlers.o)
    0x000002e2   0x00000002   PAD
    0x000002e4   0x00000010   Data   RO           98    .constdata          gpio.o
    0x000002f4   0x00000008   PAD
    0x000002fc   0x00000004   Code   RO           89    .ARM.__at_0x02FC    startup_lpc11xx.o
    0x00000300   0x000002c0   Code   RO            1    .text               pmu.o
    0x000005c0   0x000004b4   Code   RO           97    .text               gpio.o
    0x00000a74   0x00000454   Code   RO          113    .text               timer16.o
    0x00000ec8   0x00000010   Data   RO          140    Region$$Table       anon$$obj.o


    Execution Region RW_IRAM1 (Base: 0x10000000, Size: 0x00000248, Max: 0x00002000, ABSOLUTE, UNINIT)

    Base Addr    Size         Type   Attr      Idx    E Section Name        Object

    0x10000000   0x0000000c   Data   RW           69    .data               system_lpc11xx.o
    0x1000000c   0x00000020   Data   RW           99    .data               gpio.o
    0x1000002c   0x00000018   Data   RW          114    .data               timer16.o
    0x10000044   0x00000004   PAD
    0x10000048   0x00000200   Zero   RW           86    STACK               startup_lpc11xx.o


==============================================================================

Image component sizes


      Code (inc. data)   RO Data    RW Data    ZI Data      Debug   Object Name

      1204         62         16         32          0       4058   gpio.o
       704         52          0          0          0      15569   pmu.o
       164         16          0          0          0        487   pmutest.o
        32          8        192          0        512        980   startup_lpc11xx.o
       224         34          0         12          0       1033   system_lpc11xx.o
      1108         86          0         24          0       3570   timer16.o

    ----------------------------------------------------------------------
      3436        258        232         68        516      25697   Object Totals
         0          0         16          0          0          0   (incl. Generated)
         0          0          8          0          4          3   (incl. Padding)

    ----------------------------------------------------------------------

      Code (inc. data)   RO Data    RW Data    ZI Data      Debug   Library Member Name

         0          0          0          0          0          0   entry.o
         8          4          0          0          0          0   entry2.o
         4          0          0          0          0          0   entry5.o
         8          4          0          0          0          0   entry7.o
        30          0          0          0          0          0   handlers.o
        36          8          0          0          0         68   init.o
        44          0          0          0          0         72   uidiv.o

    ----------------------------------------------------------------------
       132         16          0          0          0        140   Library Totals
         2          0          0          0          0          0   (incl. Padding)

    ----------------------------------------------------------------------

      Code (inc. data)   RO Data    RW Data    ZI Data      Debug   Library Name

       130         16          0          0          0        140   mc_p.l

    ----------------------------------------------------------------------
       132         16          0          0          0        140   Library Totals

    ----------------------------------------------------------------------

==============================================================================


      Code (inc. data)   RO Data    RW Data    ZI Data      Debug   

      3568        274        232         68        516      25480   Grand Totals
      3568        274        232         68        516      25480   ELF Image Totals
      3568        274        232         68          0          0   ROM Totals

==============================================================================

    Total RO  Size (Code + RO Data)                 3800 (   3.71kB)
    Total RW  Size (RW Data + ZI Data)               584 (   0.57kB)
    Total ROM Size (Code + RO Data + RW Data)       3868 (   3.78kB)

==============================================================================

